00:00 +0: loading C:/Users/freem/CursorAntiG/RentCalculator/test/widget_test.dart
00:00 +0: App loads successfully
ΓòÉΓòÉΓòí EXCEPTION CAUGHT BY WIDGETS LIBRARY Γò₧ΓòÉΓòÉΓòÉΓòÉΓòÉΓòÉΓòÉΓòÉΓòÉΓòÉΓòÉΓòÉΓòÉΓòÉΓòÉΓòÉΓòÉΓòÉΓòÉΓòÉΓòÉΓòÉΓòÉΓòÉΓòÉΓòÉΓòÉΓòÉΓòÉΓòÉΓòÉΓòÉΓòÉΓòÉΓòÉΓòÉΓòÉΓòÉΓòÉΓòÉΓòÉΓòÉΓòÉΓòÉΓòÉΓòÉΓòÉΓòÉΓòÉΓòÉΓòÉΓòÉΓòÉΓòÉΓòÉΓòÉΓòÉΓòÉΓòÉ
The following FirebaseException was thrown building DefaultSelectionStyle:
[core/no-app] No Firebase App '[DEFAULT]' has been created - call Firebase.initializeApp()

The relevant error-causing widget was:
  MaterialApp MaterialApp:file:///C:/Users/freem/CursorAntiG/RentCalculator/lib/main.dart:44:26

When the exception was thrown, this was the stack:
#0      MethodChannelFirebase.app (package:firebase_core_platform_interface/src/method_channel/method_channel_firebase.dart:190:5)
#1      Firebase.app (package:firebase_core/src/firebase.dart:79:41)
#2      FirebaseFirestore.instance (package:cloud_firestore/src/firestore.dart:33:21)
#3      new FirebaseService (package:rent_calculator/services/firebase_service.dart:10:58)
#4      AppRouter._firebaseService (package:rent_calculator/utils/app_router.dart:17:51)
#5      AppRouter._firebaseService (package:rent_calculator/utils/app_router.dart)
#6      AppRouter._router.<anonymous closure> (package:rent_calculator/utils/app_router.dart:24:26)
#7      RouteConfiguration.redirect.processRedirect (package:go_router/src/configuration.dart:414:80)
#8      RouteConfiguration.redirect (package:go_router/src/configuration.dart:426:14)
#9      GoRouteInformationParser._redirect (package:go_router/src/parser.dart:164:10)
#10     GoRouteInformationParser.parseRouteInformationWithDependencies (package:go_router/src/parser.dart:98:32)
#11     _RouterState._processRouteInformation (package:flutter/src/widgets/router.dart:778:10)
#12     _RouterState.restoreState (package:flutter/src/widgets/router.dart:635:7)
#13     RestorationMixin._doRestore (package:flutter/src/widgets/restoration.dart:929:5)
#14     RestorationMixin.didChangeDependencies (package:flutter/src/widgets/restoration.dart:915:7)
#15     _RouterState.didChangeDependencies (package:flutter/src/widgets/router.dart:715:11)
#16     StatefulElement._firstBuild (package:flutter/src/widgets/framework.dart:5971:11)
#17     ComponentElement.mount (package:flutter/src/widgets/framework.dart:5796:5)
...     Normal element mounting (361 frames)
#378    _InheritedProviderScopeElement.mount (package:provider/src/inherited_provider.dart:424:11)
...     Normal element mounting (7 frames)
#385    SingleChildWidgetElementMixin.mount (package:nested/nested.dart:222:11)
...     Normal element mounting (7 frames)
#392    _NestedHookElement.mount (package:nested/nested.dart:187:11)
...     Normal element mounting (7 frames)
#399    SingleChildWidgetElementMixin.mount (package:nested/nested.dart:222:11)
...     Normal element mounting (7 frames)
#406    Element.inflateWidget (package:flutter/src/widgets/framework.dart:4590:20)
#407    Element.updateChild (package:flutter/src/widgets/framework.dart:4053:20)
#408    ComponentElement.performRebuild (package:flutter/src/widgets/framework.dart:5844:16)
#409    Element.rebuild (package:flutter/src/widgets/framework.dart:5532:7)
#410    ProxyElement.update (package:flutter/src/widgets/framework.dart:6152:5)
#411    _InheritedNotifierElement.update (package:flutter/src/widgets/inherited_notifier.dart:108:11)
#412    Element.updateChild (package:flutter/src/widgets/framework.dart:4037:15)
#413    ComponentElement.performRebuild (package:flutter/src/widgets/framework.dart:5844:16)
#414    StatefulElement.performRebuild (package:flutter/src/widgets/framework.dart:5985:11)
#415    Element.rebuild (package:flutter/src/widgets/framework.dart:5532:7)
#416    StatefulElement.update (package:flutter/src/widgets/framework.dart:6010:5)
#417    Element.updateChild (package:flutter/src/widgets/framework.dart:4037:15)
#418    ComponentElement.performRebuild (package:flutter/src/widgets/framework.dart:5844:16)
#419    Element.rebuild (package:flutter/src/widgets/framework.dart:5532:7)
#420    ProxyElement.update (package:flutter/src/widgets/framework.dart:6152:5)
#421    _InheritedNotifierElement.update (package:flutter/src/widgets/inherited_notifier.dart:108:11)
#422    Element.updateChild (package:flutter/src/widgets/framework.dart:4037:15)
#423    ComponentElement.performRebuild (package:flutter/src/widgets/framework.dart:5844:16)
#424    StatefulElement.performRebuild (package:flutter/src/widgets/framework.dart:5985:11)
#425    Element.rebuild (package:flutter/src/widgets/framework.dart:5532:7)
#426    StatefulElement.update (package:flutter/src/widgets/framework.dart:6010:5)
#427    Element.updateChild (package:flutter/src/widgets/framework.dart:4037:15)
#428    ComponentElement.performRebuild (package:flutter/src/widgets/framework.dart:5844:16)
#429    StatefulElement.performRebuild (package:flutter/src/widgets/framework.dart:5985:11)
#430    Element.rebuild (package:flutter/src/widgets/framework.dart:5532:7)
#431    StatefulElement.update (package:flutter/src/widgets/framework.dart:6010:5)
#432    Element.updateChild (package:flutter/src/widgets/framework.dart:4037:15)
#433    ComponentElement.performRebuild (package:flutter/src/widgets/framework.dart:5844:16)
#434    Element.rebuild (package:flutter/src/widgets/framework.dart:5532:7)
#435    ProxyElement.update (package:flutter/src/widgets/framework.dart:6152:5)
#436    Element.updateChild (package:flutter/src/widgets/framework.dart:4037:15)
#437    ComponentElement.performRebuild (package:flutter/src/widgets/framework.dart:5844:16)
#438    StatefulElement.performRebuild (package:flutter/src/widgets/framework.dart:5985:11)
#439    Element.rebuild (package:flutter/src/widgets/framework.dart:5532:7)
#440    StatefulElement.update (package:flutter/src/widgets/framework.dart:6010:5)
#441    Element.updateChild (package:flutter/src/widgets/framework.dart:4037:15)
#442    ComponentElement.performRebuild (package:flutter/src/widgets/framework.dart:5844:16)
#443    Element.rebuild (package:flutter/src/widgets/framework.dart:5532:7)
#444    ProxyElement.update (package:flutter/src/widgets/framework.dart:6152:5)
#445    Element.updateChild (package:flutter/src/widgets/framework.dart:4037:15)
#446    ComponentElement.performRebuild (package:flutter/src/widgets/framework.dart:5844:16)
#447    Element.rebuild (package:flutter/src/widgets/framework.dart:5532:7)
#448    ProxyElement.update (package:flutter/src/widgets/framework.dart:6152:5)
#449    Element.updateChild (package:flutter/src/widgets/framework.dart:4037:15)
#450    _RawViewElement._updateChild (package:flutter/src/widgets/view.dart:481:16)
#451    _RawViewElement.update (package:flutter/src/widgets/view.dart:568:5)
#452    Element.updateChild (package:flutter/src/widgets/framework.dart:4037:15)
#453    ComponentElement.performRebuild (package:flutter/src/widgets/framework.dart:5844:16)
#454    Element.rebuild (package:flutter/src/widgets/framework.dart:5532:7)
#455    StatelessElement.update (package:flutter/src/widgets/framework.dart:5898:5)
#456    Element.updateChild (package:flutter/src/widgets/framework.dart:4037:15)
#457    ComponentElement.performRebuild (package:flutter/src/widgets/framework.dart:5844:16)
#458    StatefulElement.performRebuild (package:flutter/src/widgets/framework.dart:5985:11)
#459    Element.rebuild (package:flutter/src/widgets/framework.dart:5532:7)
#460    StatefulElement.update (package:flutter/src/widgets/framework.dart:6010:5)
#461    Element.updateChild (package:flutter/src/widgets/framework.dart:4037:15)
#462    RootElement._rebuild (package:flutter/src/widgets/binding.dart:1782:16)
#463    RootElement.update (package:flutter/src/widgets/binding.dart:1760:5)
#464    RootElement.performRebuild (package:flutter/src/widgets/binding.dart:1774:7)
#465    Element.rebuild (package:flutter/src/widgets/framework.dart:5532:7)
#466    BuildScope._tryRebuild (package:flutter/src/widgets/framework.dart:2750:15)
#467    BuildScope._flushDirtyElements (package:flutter/src/widgets/framework.dart:2807:11)
#468    BuildOwner.buildScope (package:flutter/src/widgets/framework.dart:3111:18)
#469    AutomatedTestWidgetsFlutterBinding.drawFrame (package:flutter_test/src/binding.dart:1506:19)
#470    RendererBinding._handlePersistentFrameCallback (package:flutter/src/rendering/binding.dart:495:5)
#471    SchedulerBinding._invokeFrameCallback (package:flutter/src/scheduler/binding.dart:1434:15)
#472    SchedulerBinding.handleDrawFrame (package:flutter/src/scheduler/binding.dart:1347:9)
#473    AutomatedTestWidgetsFlutterBinding.pump.<anonymous closure> (package:flutter_test/src/binding.dart:1335:9)
#476    TestAsyncUtils.guard (package:flutter_test/src/test_async_utils.dart:74:41)
#477    AutomatedTestWidgetsFlutterBinding.pump (package:flutter_test/src/binding.dart:1324:27)
#478    WidgetTester.pumpWidget.<anonymous closure> (package:flutter_test/src/widget_tester.dart:598:22)
#481    TestAsyncUtils.guard (package:flutter_test/src/test_async_utils.dart:74:41)
#482    WidgetTester.pumpWidget (package:flutter_test/src/widget_tester.dart:595:27)
#483    main.<anonymous closure> (file:///C:/Users/freem/CursorAntiG/RentCalculator/test/widget_test.dart:21:18)
#484    testWidgets.<anonymous closure>.<anonymous closure> (package:flutter_test/src/widget_tester.dart:192:29)
<asynchronous suspension>
#485    TestWidgetsFlutterBinding._runTestBody (package:flutter_test/src/binding.dart:1059:5)
<asynchronous suspension>
<asynchronous suspension>
(elided 5 frames from dart:async and package:stack_trace)

ΓòÉΓòÉΓòÉΓòÉΓòÉΓòÉΓòÉΓòÉΓòÉΓòÉΓòÉΓòÉΓòÉΓòÉΓòÉΓòÉΓòÉΓòÉΓòÉΓòÉΓòÉΓòÉΓòÉΓòÉΓòÉΓòÉΓòÉΓòÉΓòÉΓòÉΓòÉΓòÉΓòÉΓòÉΓòÉΓòÉΓòÉΓòÉΓòÉΓòÉΓòÉΓòÉΓòÉΓòÉΓòÉΓòÉΓòÉΓòÉΓòÉΓòÉΓòÉΓòÉΓòÉΓòÉΓòÉΓòÉΓòÉΓòÉΓòÉΓòÉΓòÉΓòÉΓòÉΓòÉΓòÉΓòÉΓòÉΓòÉΓòÉΓòÉΓòÉΓòÉΓòÉΓòÉΓòÉΓòÉΓòÉΓòÉΓòÉΓòÉΓòÉΓòÉΓòÉΓòÉΓòÉΓòÉΓòÉΓòÉΓòÉΓòÉΓòÉΓòÉΓòÉΓòÉΓòÉΓòÉΓòÉΓòÉΓòÉΓòÉ
ΓòÉΓòÉΓòí EXCEPTION CAUGHT BY FLUTTER TEST FRAMEWORK Γò₧ΓòÉΓòÉΓòÉΓòÉΓòÉΓòÉΓòÉΓòÉΓòÉΓòÉΓòÉΓòÉΓòÉΓòÉΓòÉΓòÉΓòÉΓòÉΓòÉΓòÉΓòÉΓòÉΓòÉΓòÉΓòÉΓòÉΓòÉΓòÉΓòÉΓòÉΓòÉΓòÉΓòÉΓòÉΓòÉΓòÉΓòÉΓòÉΓòÉΓòÉΓòÉΓòÉΓòÉΓòÉΓòÉΓòÉΓòÉΓòÉΓòÉΓòÉΓòÉΓòÉ
The following TestFailure was thrown running a test:
Expected: at least one matching candidate
  Actual: _TextWidgetFinder:<Found 0 widgets with text "Rent Calculator": []>
   Which: means none were found but some were expected

When the exception was thrown, this was the stack:
#4      main.<anonymous closure> (file:///C:/Users/freem/CursorAntiG/RentCalculator/test/widget_test.dart:29:5)
<asynchronous suspension>
#5      testWidgets.<anonymous closure>.<anonymous closure> (package:flutter_test/src/widget_tester.dart:192:15)
<asynchronous suspension>
#6      TestWidgetsFlutterBinding._runTestBody (package:flutter_test/src/binding.dart:1059:5)
<asynchronous suspension>
<asynchronous suspension>
(elided one frame from package:stack_trace)

This was caught by the test expectation on the following line:
  file:///C:/Users/freem/CursorAntiG/RentCalculator/test/widget_test.dart line 29
The test description was:
  App loads successfully
ΓòÉΓòÉΓòÉΓòÉΓòÉΓòÉΓòÉΓòÉΓòÉΓòÉΓòÉΓòÉΓòÉΓòÉΓòÉΓòÉΓòÉΓòÉΓòÉΓòÉΓòÉΓòÉΓòÉΓòÉΓòÉΓòÉΓòÉΓòÉΓòÉΓòÉΓòÉΓòÉΓòÉΓòÉΓòÉΓòÉΓòÉΓòÉΓòÉΓòÉΓòÉΓòÉΓòÉΓòÉΓòÉΓòÉΓòÉΓòÉΓòÉΓòÉΓòÉΓòÉΓòÉΓòÉΓòÉΓòÉΓòÉΓòÉΓòÉΓòÉΓòÉΓòÉΓòÉΓòÉΓòÉΓòÉΓòÉΓòÉΓòÉΓòÉΓòÉΓòÉΓòÉΓòÉΓòÉΓòÉΓòÉΓòÉΓòÉΓòÉΓòÉΓòÉΓòÉΓòÉΓòÉΓòÉΓòÉΓòÉΓòÉΓòÉΓòÉΓòÉΓòÉΓòÉΓòÉΓòÉΓòÉΓòÉΓòÉΓòÉ
ΓòÉΓòÉΓòí EXCEPTION CAUGHT BY FLUTTER TEST FRAMEWORK Γò₧ΓòÉΓòÉΓòÉΓòÉΓòÉΓòÉΓòÉΓòÉΓòÉΓòÉΓòÉΓòÉΓòÉΓòÉΓòÉΓòÉΓòÉΓòÉΓòÉΓòÉΓòÉΓòÉΓòÉΓòÉΓòÉΓòÉΓòÉΓòÉΓòÉΓòÉΓòÉΓòÉΓòÉΓòÉΓòÉΓòÉΓòÉΓòÉΓòÉΓòÉΓòÉΓòÉΓòÉΓòÉΓòÉΓòÉΓòÉΓòÉΓòÉΓòÉΓòÉΓòÉ
The following message was thrown:
Multiple exceptions (2) were detected during the running of the current test, and at least one was
unexpected.
ΓòÉΓòÉΓòÉΓòÉΓòÉΓòÉΓòÉΓòÉΓòÉΓòÉΓòÉΓòÉΓòÉΓòÉΓòÉΓòÉΓòÉΓòÉΓòÉΓòÉΓòÉΓòÉΓòÉΓòÉΓòÉΓòÉΓòÉΓòÉΓòÉΓòÉΓòÉΓòÉΓòÉΓòÉΓòÉΓòÉΓòÉΓòÉΓòÉΓòÉΓòÉΓòÉΓòÉΓòÉΓòÉΓòÉΓòÉΓòÉΓòÉΓòÉΓòÉΓòÉΓòÉΓòÉΓòÉΓòÉΓòÉΓòÉΓòÉΓòÉΓòÉΓòÉΓòÉΓòÉΓòÉΓòÉΓòÉΓòÉΓòÉΓòÉΓòÉΓòÉΓòÉΓòÉΓòÉΓòÉΓòÉΓòÉΓòÉΓòÉΓòÉΓòÉΓòÉΓòÉΓòÉΓòÉΓòÉΓòÉΓòÉΓòÉΓòÉΓòÉΓòÉΓòÉΓòÉΓòÉΓòÉΓòÉΓòÉΓòÉ
00:00 +0 -1: App loads successfully [E]
  Test failed. See exception logs above.
  The test description was: App loads successfully
  
00:00 +0 -1: Some tests failed.
